PS C:\Users\ayosh> mkdir git_challenge


    ディレクトリ: C:\Users\ayosh


Mode                 LastWriteTime         Length Name
----                 -------------         ------ ----
d-----        2024/03/05     14:52                git_challenge


PS C:\Users\ayosh> cd git_challenge
PS C:\Users\ayosh\git_challenge> git init
Initialized empty Git repository in C:/Users/ayosh/git_challenge/.git/
PS C:\Users\ayosh\git_challenge> echo "Hello, world!" > hello_world.txt
PS C:\Users\ayosh\git_challenge> git add hello_world.txt
PS C:\Users\ayosh\git_challenge> git commit -m "hello_world.txtを追加"
[main (root-commit) 590bcd7] hello_world.txt繧定ｿｽ蜉
 1 file changed, 0 insertions(+), 0 deletions(-)
 create mode 100644 hello_world.txt
PS C:\Users\ayosh\git_challenge> git log --oneline
590bcd7 (HEAD -> main) hello_world.txtを追加
PS C:\Users\ayosh\git_challenge> echo "こんにちは、世界!" > hello_world.txt
PS C:\Users\ayosh\git_challenge> git add hello_world.txt
PS C:\Users\ayosh\git_challenge> git commit -m "日本語訳を追記"
[main 1b161da] 譌･譛ｬ隱櫁ｨｳ繧定ｿｽ險
 1 file changed, 0 insertions(+), 0 deletions(-)
PS C:\Users\ayosh\git_challenge> git log --oneline
1b161da (HEAD -> main) 日本語訳を追記
590bcd7 hello_world.txtを追加
PS C:\Users\ayosh\git_challenge> 
